
url=helloworld
